

//设置Git的username 和email
$ git config --global user.name "lasthelloworld"
$ git config --global user.email "812691062@qq.com"

//查看当前电脑git 的username 和email
git config --list


//查看本地秘钥是否生成
cd ~/.ssh
ls //查看目录
id_rsa.pub 中内容复制到github 的ssh key上。

注意：在windows7下安装git后没有ssh
解决办法是: 全部留空即可,一路回车 
$ ssh-keygen -t rsa -C “邮箱地址” ##回车 
回自动创建.ssh


测试连接是否成功：
ssh -T git@github.com
正确提示:Hi lasthelloworld! You've successfully authenticated, but GitHub does not provide shell access.


进入指定项目文件夹：例如app
cd app

初始化git仓库：
git init

//本地关联远程仓库,注意：ssh登录开头都是git@，每个本地库都有自己的关联。
git remote add <name> git@github.com:username/gitname.git
$ git remote add origin git@github.com:username/gitname.git


//在创建本地分支时，需要添加一个些文件才能创建

//添加远端分支
git push -u origin master

//查看关联的远端库列表
git remote -v 

//查看远端库分支：
git branch -r



第一次本地连接远端库常见问题：
一、
注意：在windows7下安装git后没有ssh
解决办法是: 全部留空即可,一路回车 
$ ssh-keygen -t rsa -C “邮箱地址” ##回车 
回自动创建.ssh

二、
无法在指定文件夹下本地关联远程仓库 remote add 远端git remote add origin git@github.com:lasthelloworld/gitTest.git：
解决方法：git init


三、
error: failed to push some refs to 'git@github.com:lasthelloworld/gitTest.git'：在第一次连接远端库时无法提交创建远端分支
git pull --rebase origin master


四、
无法pull 远端分支代码:
（1）使用如下git命令查看所有远程分支：
git branch -r
（2）拉取远程分支并创建本地分支
git checkout -b 本地分支名x origin/远程分支名x
使用该方式会在本地新建分支x，并自动切换到该本地分支x。
（3）git checkout -b master origin/master 创建本地分支并关联远端分支
采用此种方法建立的本地分支会和远程分支建立映射关系。


或者使用如下命令：
git fetch origin 远程分支名x:本地分支名x
使用该方式会在本地新建分支x，但是不会自动切换到该本地分支x，需要手动checkout。


五：
新建本地分支后将本地分支推送到远程库, 使用git pull 或者 git push 的时候报错

gitThere is no tracking information for the current branch.
Please specify which branch you want to merge with.
See git-pull(1) for details
    git pull <remote> <branch>
If you wish to set tracking information for this branch you can do so with:
    git branch --set-upstream-to=origin/<branch> merged0.9.6

是因为本地分支和远程分支没有建立联系  
(使用git branch -vv  可以查看本地分支和远程分支的关联关系)  .根据命令行提示只需要执行以下命令即可
git branch --set-upstream-to=origin/远程分支的名字 本地分支的名字   



